[+] Containers:
 |- [+] Container: /Game/PlanetCloseups
 |   |- [+] ActorDescs:
 |   |   |- Guid:20439798BD0C370F97D5E088E9E23E3E NativeClass:/Script/Engine.StaticMeshActor Name:StaticMeshActor_UAID_A4AE111137DC54FB00_1240666663 Label:SM_SkySphere SpatiallyLoaded:false EditorBounds:IsValid=true, Min=(X=-1638400.000 Y=-1638400.000 Z=-1638400.000), Max=(X=1638400.000 Y=1638400.000 Z=1638400.000) RuntimeBounds:IsValid=true, Min=(X=-1638400.000 Y=-1638400.000 Z=-1638400.000), Max=(X=1638400.000 Y=1638400.000 Z=1638400.000) RuntimeGrid:None EditorOnly:false RuntimeOnly:false HLODRelevant:false ListedInSceneOutliner:true IsMainWorldOnly:true FolderPath:Lighting FolderGuid:B7E9BD5B45A652654791988DEF54CCEB
 |   |   |- Guid:3EF3BF10E4343E33B5B8ED37A9A05635 NativeClass:/Script/Engine.PlayerStart Name:PlayerStart_UAID_F02F74551BF5599B01_1153002503 Label:PlayerStart SpatiallyLoaded:false EditorBounds:IsValid=true, Min=(X=-10330.000 Y=-128.000 Z=-36.000), Max=(X=-9962.000 Y=128.000 Z=220.000) RuntimeBounds:IsValid=true, Min=(X=-10130.000 Y=-40.000 Z=0.000), Max=(X=-10050.000 Y=40.000 Z=184.000) RuntimeGrid:None EditorOnly:false RuntimeOnly:false HLODRelevant:false ListedInSceneOutliner:true IsMainWorldOnly:false
 |   |   |- Guid:59E908DE491B09359DD30DB36E88205B NativeClass:/Script/Engine.PostProcessVolume Name:PostProcessVolume_UAID_40B07608AE96A48D02_2141193255 Label:PostProcessVolume SpatiallyLoaded:false EditorBounds:IsValid=true, Min=(X=-37560.000 Y=42500.000 Z=337010.000), Max=(X=-27560.000 Y=52500.000 Z=347010.000) RuntimeBounds:IsValid=true, Min=(X=-37560.000 Y=42500.000 Z=337010.000), Max=(X=-27560.000 Y=52500.000 Z=347010.000) RuntimeGrid:None EditorOnly:false RuntimeOnly:false HLODRelevant:false ListedInSceneOutliner:true IsMainWorldOnly:false
 |   |   |- Guid:6E52E68DF7423D5588E39C9E57C1E5F4 NativeClass:/Script/Engine.WorldDataLayers Name:WorldDataLayers Label:WorldDataLayers-1 SpatiallyLoaded:false EditorBounds:IsValid=false, Min=(X=0.000 Y=0.000 Z=0.000), Max=(X=0.000 Y=0.000 Z=0.000) RuntimeBounds:IsValid=false, Min=(X=0.000 Y=0.000 Z=0.000), Max=(X=0.000 Y=0.000 Z=0.000) RuntimeGrid:None EditorOnly:false RuntimeOnly:false HLODRelevant:false ListedInSceneOutliner:true IsMainWorldOnly:true
 |   |   |- Guid:F49D0428014539B28CA8F328B6AF5F01 NativeClass:/Script/SolarSystemProject.OrbitingBody Name:OrbitingBody_UAID_40B07608AE969C8A02_1821316679 Label:Star SpatiallyLoaded:false EditorBounds:IsValid=true, Min=(X=0.000 Y=0.000 Z=0.000), Max=(X=0.000 Y=0.000 Z=0.000) RuntimeBounds:IsValid=true, Min=(X=0.000 Y=0.000 Z=0.000), Max=(X=0.000 Y=0.000 Z=0.000) RuntimeGrid:None EditorOnly:false RuntimeOnly:false HLODRelevant:false ListedInSceneOutliner:true IsMainWorldOnly:false FolderPath:Solar System FolderGuid:44164D7B424BB0C7A4ED21BBE5FA23E8
 |   |   |- Guid:FB57C40C1B563E03B7621A63A452DF83 NativeClass:/Script/Engine.PointLight Name:PointLight_UAID_40B07608AE96858502_1084759352 Label:SunLight SpatiallyLoaded:false EditorBounds:IsValid=true, Min=(X=-999999995904.000 Y=-999999995904.000 Z=-999999995904.000), Max=(X=999999995904.000 Y=999999995904.000 Z=999999995904.000) RuntimeBounds:IsValid=true, Min=(X=-999999995904.000 Y=-999999995904.000 Z=-999999995904.000), Max=(X=999999995904.000 Y=999999995904.000 Z=999999995904.000) RuntimeGrid:None EditorOnly:false RuntimeOnly:false HLODRelevant:false ListedInSceneOutliner:true IsMainWorldOnly:false
 |   |- [+] Clusters:
 |   |   |- [+] [  0]
 |   |   |   |- Guid:20439798BD0C370F97D5E088E9E23E3E NativeClass:/Script/Engine.StaticMeshActor Name:StaticMeshActor_UAID_A4AE111137DC54FB00_1240666663 Label:SM_SkySphere SpatiallyLoaded:false EditorBounds:IsValid=true, Min=(X=-1638400.000 Y=-1638400.000 Z=-1638400.000), Max=(X=1638400.000 Y=1638400.000 Z=1638400.000) RuntimeBounds:IsValid=true, Min=(X=-1638400.000 Y=-1638400.000 Z=-1638400.000), Max=(X=1638400.000 Y=1638400.000 Z=1638400.000) RuntimeGrid:None EditorOnly:false RuntimeOnly:false HLODRelevant:false ListedInSceneOutliner:true IsMainWorldOnly:true FolderPath:Lighting FolderGuid:B7E9BD5B45A652654791988DEF54CCEB
 |   |   |- [+] [  1]
 |   |   |   |- Guid:3EF3BF10E4343E33B5B8ED37A9A05635 NativeClass:/Script/Engine.PlayerStart Name:PlayerStart_UAID_F02F74551BF5599B01_1153002503 Label:PlayerStart SpatiallyLoaded:false EditorBounds:IsValid=true, Min=(X=-10330.000 Y=-128.000 Z=-36.000), Max=(X=-9962.000 Y=128.000 Z=220.000) RuntimeBounds:IsValid=true, Min=(X=-10130.000 Y=-40.000 Z=0.000), Max=(X=-10050.000 Y=40.000 Z=184.000) RuntimeGrid:None EditorOnly:false RuntimeOnly:false HLODRelevant:false ListedInSceneOutliner:true IsMainWorldOnly:false
 |   |   |- [+] [  2]
 |   |   |   |- Guid:59E908DE491B09359DD30DB36E88205B NativeClass:/Script/Engine.PostProcessVolume Name:PostProcessVolume_UAID_40B07608AE96A48D02_2141193255 Label:PostProcessVolume SpatiallyLoaded:false EditorBounds:IsValid=true, Min=(X=-37560.000 Y=42500.000 Z=337010.000), Max=(X=-27560.000 Y=52500.000 Z=347010.000) RuntimeBounds:IsValid=true, Min=(X=-37560.000 Y=42500.000 Z=337010.000), Max=(X=-27560.000 Y=52500.000 Z=347010.000) RuntimeGrid:None EditorOnly:false RuntimeOnly:false HLODRelevant:false ListedInSceneOutliner:true IsMainWorldOnly:false
 |   |   |- [+] [  3]
 |   |   |   |- Guid:6E52E68DF7423D5588E39C9E57C1E5F4 NativeClass:/Script/Engine.WorldDataLayers Name:WorldDataLayers Label:WorldDataLayers-1 SpatiallyLoaded:false EditorBounds:IsValid=false, Min=(X=0.000 Y=0.000 Z=0.000), Max=(X=0.000 Y=0.000 Z=0.000) RuntimeBounds:IsValid=false, Min=(X=0.000 Y=0.000 Z=0.000), Max=(X=0.000 Y=0.000 Z=0.000) RuntimeGrid:None EditorOnly:false RuntimeOnly:false HLODRelevant:false ListedInSceneOutliner:true IsMainWorldOnly:true
 |   |   |- [+] [  4]
 |   |   |   |- Guid:F49D0428014539B28CA8F328B6AF5F01 NativeClass:/Script/SolarSystemProject.OrbitingBody Name:OrbitingBody_UAID_40B07608AE969C8A02_1821316679 Label:Star SpatiallyLoaded:false EditorBounds:IsValid=true, Min=(X=0.000 Y=0.000 Z=0.000), Max=(X=0.000 Y=0.000 Z=0.000) RuntimeBounds:IsValid=true, Min=(X=0.000 Y=0.000 Z=0.000), Max=(X=0.000 Y=0.000 Z=0.000) RuntimeGrid:None EditorOnly:false RuntimeOnly:false HLODRelevant:false ListedInSceneOutliner:true IsMainWorldOnly:false FolderPath:Solar System FolderGuid:44164D7B424BB0C7A4ED21BBE5FA23E8
 |   |   |- [+] [  5]
 |   |   |   |- Guid:FB57C40C1B563E03B7621A63A452DF83 NativeClass:/Script/Engine.PointLight Name:PointLight_UAID_40B07608AE96858502_1084759352 Label:SunLight SpatiallyLoaded:false EditorBounds:IsValid=true, Min=(X=-999999995904.000 Y=-999999995904.000 Z=-999999995904.000), Max=(X=999999995904.000 Y=999999995904.000 Z=999999995904.000) RuntimeBounds:IsValid=true, Min=(X=-999999995904.000 Y=-999999995904.000 Z=-999999995904.000), Max=(X=999999995904.000 Y=999999995904.000 Z=999999995904.000) RuntimeGrid:None EditorOnly:false RuntimeOnly:false HLODRelevant:false ListedInSceneOutliner:true IsMainWorldOnly:false
 |- ContainerInstances:
 |- [+] MainContainer:
 |   |-        ID: 00000000000000000000000000000000
 |   |-  ParentID: 00000000000000000000000000000000
 |   |-    Bounds: IsValid=false, Min=(X=0.000 Y=0.000 Z=0.000), Max=(X=0.000 Y=0.000 Z=0.000)
 |   |- Transform: 0.000000,0.000000,0.000000|0.000000,0.000000,-0.000000|1.000000,1.000000,1.000000
 |   |- Container: /Game/PlanetCloseups
----------------------------------------------------------------------------------------------------------------
PlanetCloseups - Persistent Level
----------------------------------------------------------------------------------------------------------------
[+] Content of PlanetCloseups Persistent Level
 |- Always loaded Actor Count: 6 
 |- Actor Path: /Game/PlanetCloseups.PlanetCloseups:PersistentLevel.OrbitingBody_UAID_40B07608AE969C8A02_1821316679
 |- Actor Package: /Game/__ExternalActors__/PlanetCloseups/6/CQ/CF5C0JBJFATQMKULRBO3UT
 |- Actor Path: /Game/PlanetCloseups.PlanetCloseups:PersistentLevel.PlayerStart_UAID_F02F74551BF5599B01_1153002503
 |- Actor Package: /Game/__ExternalActors__/PlanetCloseups/E/I7/ZA8FQ04QHEH46UTZCEV195
 |- Actor Path: /Game/PlanetCloseups.PlanetCloseups:PersistentLevel.PointLight_UAID_40B07608AE96858502_1084759352
 |- Actor Package: /Game/__ExternalActors__/PlanetCloseups/6/DL/FXL1DZBU84DVD1XLKZDG38
 |- Actor Path: /Game/PlanetCloseups.PlanetCloseups:PersistentLevel.PostProcessVolume_UAID_40B07608AE96A48D02_2141193255
 |- Actor Package: /Game/__ExternalActors__/PlanetCloseups/6/37/XRG3VW735EQ1NU1LY1YIDW
 |- Actor Path: /Game/PlanetCloseups.PlanetCloseups:PersistentLevel.StaticMeshActor_UAID_A4AE111137DC54FB00_1240666663
 |- Actor Package: /Game/__ExternalActors__/PlanetCloseups/3/UR/JX0VFX8OO5ND0VQNI3405Q
 |- Actor Path: /Game/PlanetCloseups.PlanetCloseups:PersistentLevel.WorldDataLayers
 |- Actor Package: /Game/__ExternalActors__/PlanetCloseups/4/FL/ZKPCL6PRLT9HZ6N7IXJV24

----------------------------------------------------------------------------------------------------------------
PlanetCloseups - Runtime Hash Set
----------------------------------------------------------------------------------------------------------------

