[+] Containers:
 |- [+] Container: /Game/Space
 |   |- [+] ActorDescs:
 |   |   |- Guid:03920DF94EEFC9F86CC66185D32A3DA1 NativeClass:/Script/Engine.StaticMeshActor Name:StaticMeshActor_UAID_A4AE111137DC54FB00_1240666663 Label:SM_SkySphere SpatiallyLoaded:false EditorBounds:IsValid=true, Min=(X=-1638400.000 Y=-1638400.000 Z=-1638400.000), Max=(X=1638400.000 Y=1638400.000 Z=1638400.000) RuntimeBounds:IsValid=true, Min=(X=-1638400.000 Y=-1638400.000 Z=-1638400.000), Max=(X=1638400.000 Y=1638400.000 Z=1638400.000) RuntimeGrid:None EditorOnly:false RuntimeOnly:false HLODRelevant:false ListedInSceneOutliner:true IsMainWorldOnly:true FolderPath:Lighting FolderGuid:B7E9BD5B45A652654791988DEF54CCEB
 |   |   |- Guid:1633D6F948729BA3269FACA3305FE725 NativeClass:/Script/SolarSystemProject.Planet Name:Planet_UAID_40B07608AE960D8802_1355050399 Label:Planet SpatiallyLoaded:false EditorBounds:IsValid=true, Min=(X=-93750.000 Y=0.000 Z=0.000), Max=(X=-93750.000 Y=0.000 Z=0.000) RuntimeBounds:IsValid=true, Min=(X=-93750.000 Y=0.000 Z=0.000), Max=(X=-93750.000 Y=0.000 Z=0.000) RuntimeGrid:None EditorOnly:false RuntimeOnly:false HLODRelevant:false ListedInSceneOutliner:true IsMainWorldOnly:false FolderPath:Solar System FolderGuid:44164D7B424BB0C7A4ED21BBE5FA23E8
 |   |   |- Guid:1F4A9DEE425204BE379F90A30327C6C8 NativeClass:/Script/SolarSystemProject.Moon Name:Moon_UAID_40B07608AE96B28C02_1345562664 Label:Asteroid SpatiallyLoaded:false EditorBounds:IsValid=true, Min=(X=31090.000 Y=-15060.000 Z=0.000), Max=(X=31090.000 Y=-15060.000 Z=0.000) RuntimeBounds:IsValid=true, Min=(X=31090.000 Y=-15060.000 Z=0.000), Max=(X=31090.000 Y=-15060.000 Z=0.000) RuntimeGrid:None EditorOnly:false RuntimeOnly:false HLODRelevant:false ListedInSceneOutliner:true IsMainWorldOnly:false FolderPath:Solar System FolderGuid:44164D7B424BB0C7A4ED21BBE5FA23E8
 |   |   |- Guid:40531EAD4AE026174B85A28595AE6BBC NativeClass:/Script/SolarSystemProject.Planet Name:Planet_UAID_40B07608AE967D8C02_1805339336 Label:Planet3 SpatiallyLoaded:false EditorBounds:IsValid=true, Min=(X=-215550.000 Y=0.000 Z=0.000), Max=(X=-215550.000 Y=0.000 Z=0.000) RuntimeBounds:IsValid=true, Min=(X=-215550.000 Y=0.000 Z=0.000), Max=(X=-215550.000 Y=0.000 Z=0.000) RuntimeGrid:None EditorOnly:false RuntimeOnly:false HLODRelevant:false ListedInSceneOutliner:true IsMainWorldOnly:false FolderPath:Solar System FolderGuid:44164D7B424BB0C7A4ED21BBE5FA23E8
 |   |   |- Guid:503634D8422BAE43E78F239ACCE26FF1 NativeClass:/Script/SolarSystemProject.OrbitingBody Name:OrbitingBody_UAID_40B07608AE969C8A02_1821316679 Label:Star SpatiallyLoaded:false EditorBounds:IsValid=true, Min=(X=0.000 Y=0.000 Z=0.000), Max=(X=0.000 Y=0.000 Z=0.000) RuntimeBounds:IsValid=true, Min=(X=0.000 Y=0.000 Z=0.000), Max=(X=0.000 Y=0.000 Z=0.000) RuntimeGrid:None EditorOnly:false RuntimeOnly:false HLODRelevant:false ListedInSceneOutliner:true IsMainWorldOnly:false FolderPath:Solar System FolderGuid:44164D7B424BB0C7A4ED21BBE5FA23E8
 |   |   |- Guid:50C601B4432648A99D8E7FA5096ADCE2 NativeClass:/Script/SolarSystemProject.Moon Name:Moon_UAID_40B07608AE96438402_1713582679 Label:Moon SpatiallyLoaded:false EditorBounds:IsValid=true, Min=(X=-97750.000 Y=0.000 Z=2330.000), Max=(X=-97750.000 Y=0.000 Z=2330.000) RuntimeBounds:IsValid=true, Min=(X=-97750.000 Y=0.000 Z=2330.000), Max=(X=-97750.000 Y=0.000 Z=2330.000) RuntimeGrid:None EditorOnly:false RuntimeOnly:false HLODRelevant:false ListedInSceneOutliner:true IsMainWorldOnly:false FolderPath:Solar System FolderGuid:44164D7B424BB0C7A4ED21BBE5FA23E8
 |   |   |- Guid:5155FAE9418A7FBD2314988EFFCBAB84 NativeClass:/Script/SolarSystemProject.Planet Name:Planet_UAID_40B07608AE96B18C02_1643578487 Label:Planet4 SpatiallyLoaded:false EditorBounds:IsValid=true, Min=(X=95150.000 Y=0.000 Z=0.000), Max=(X=95150.000 Y=0.000 Z=0.000) RuntimeBounds:IsValid=true, Min=(X=95150.000 Y=0.000 Z=0.000), Max=(X=95150.000 Y=0.000 Z=0.000) RuntimeGrid:None EditorOnly:false RuntimeOnly:false HLODRelevant:false ListedInSceneOutliner:true IsMainWorldOnly:false FolderPath:Solar System FolderGuid:44164D7B424BB0C7A4ED21BBE5FA23E8
 |   |   |- Guid:5368FABB47D6D9580DAECA8B0417BF92 NativeClass:/Script/Engine.WorldDataLayers Name:WorldDataLayers Label:WorldDataLayers-1 SpatiallyLoaded:false EditorBounds:IsValid=false, Min=(X=0.000 Y=0.000 Z=0.000), Max=(X=0.000 Y=0.000 Z=0.000) RuntimeBounds:IsValid=false, Min=(X=0.000 Y=0.000 Z=0.000), Max=(X=0.000 Y=0.000 Z=0.000) RuntimeGrid:None EditorOnly:false RuntimeOnly:false HLODRelevant:false ListedInSceneOutliner:true IsMainWorldOnly:true
 |   |   |- Guid:54E4F96142D069275D8CCAB273BC9846 NativeClass:/Script/Engine.PointLight Name:PointLight_UAID_40B07608AE96858502_1084759352 Label:SunLight SpatiallyLoaded:false EditorBounds:IsValid=true, Min=(X=-999999995904.000 Y=-999999995904.000 Z=-999999995904.000), Max=(X=999999995904.000 Y=999999995904.000 Z=999999995904.000) RuntimeBounds:IsValid=true, Min=(X=-999999995904.000 Y=-999999995904.000 Z=-999999995904.000), Max=(X=999999995904.000 Y=999999995904.000 Z=999999995904.000) RuntimeGrid:None EditorOnly:false RuntimeOnly:false HLODRelevant:false ListedInSceneOutliner:true IsMainWorldOnly:false
 |   |   |- Guid:8AEFB5ED4E75E7C5C9009CA4F260C71B NativeClass:/Script/SolarSystemProject.Planet Name:Planet_UAID_40B07608AE967C8C02_1223085159 Label:Planet2 SpatiallyLoaded:false EditorBounds:IsValid=true, Min=(X=-27000.000 Y=0.000 Z=0.000), Max=(X=-27000.000 Y=0.000 Z=0.000) RuntimeBounds:IsValid=true, Min=(X=-27000.000 Y=0.000 Z=0.000), Max=(X=-27000.000 Y=0.000 Z=0.000) RuntimeGrid:None EditorOnly:false RuntimeOnly:false HLODRelevant:false ListedInSceneOutliner:true IsMainWorldOnly:false FolderPath:Solar System FolderGuid:44164D7B424BB0C7A4ED21BBE5FA23E8
 |   |   |- Guid:962D6BE34E7839A2A94E65B8F6CE5D43 NativeClass:/Script/Engine.PlayerStart Name:PlayerStart_UAID_F02F74551BF5599B01_1153002503 Label:PlayerStart SpatiallyLoaded:false EditorBounds:IsValid=true, Min=(X=-10330.000 Y=-128.000 Z=-36.000), Max=(X=-9962.000 Y=128.000 Z=220.000) RuntimeBounds:IsValid=true, Min=(X=-10130.000 Y=-40.000 Z=0.000), Max=(X=-10050.000 Y=40.000 Z=184.000) RuntimeGrid:None EditorOnly:false RuntimeOnly:false HLODRelevant:false ListedInSceneOutliner:true IsMainWorldOnly:false
 |   |- [+] Clusters:
 |   |   |- [+] [  0]
 |   |   |   |- Guid:03920DF94EEFC9F86CC66185D32A3DA1 NativeClass:/Script/Engine.StaticMeshActor Name:StaticMeshActor_UAID_A4AE111137DC54FB00_1240666663 Label:SM_SkySphere SpatiallyLoaded:false EditorBounds:IsValid=true, Min=(X=-1638400.000 Y=-1638400.000 Z=-1638400.000), Max=(X=1638400.000 Y=1638400.000 Z=1638400.000) RuntimeBounds:IsValid=true, Min=(X=-1638400.000 Y=-1638400.000 Z=-1638400.000), Max=(X=1638400.000 Y=1638400.000 Z=1638400.000) RuntimeGrid:None EditorOnly:false RuntimeOnly:false HLODRelevant:false ListedInSceneOutliner:true IsMainWorldOnly:true FolderPath:Lighting FolderGuid:B7E9BD5B45A652654791988DEF54CCEB
 |   |   |- [+] [  1]
 |   |   |   |- Guid:1633D6F948729BA3269FACA3305FE725 NativeClass:/Script/SolarSystemProject.Planet Name:Planet_UAID_40B07608AE960D8802_1355050399 Label:Planet SpatiallyLoaded:false EditorBounds:IsValid=true, Min=(X=-93750.000 Y=0.000 Z=0.000), Max=(X=-93750.000 Y=0.000 Z=0.000) RuntimeBounds:IsValid=true, Min=(X=-93750.000 Y=0.000 Z=0.000), Max=(X=-93750.000 Y=0.000 Z=0.000) RuntimeGrid:None EditorOnly:false RuntimeOnly:false HLODRelevant:false ListedInSceneOutliner:true IsMainWorldOnly:false FolderPath:Solar System FolderGuid:44164D7B424BB0C7A4ED21BBE5FA23E8
 |   |   |- [+] [  2]
 |   |   |   |- Guid:1F4A9DEE425204BE379F90A30327C6C8 NativeClass:/Script/SolarSystemProject.Moon Name:Moon_UAID_40B07608AE96B28C02_1345562664 Label:Asteroid SpatiallyLoaded:false EditorBounds:IsValid=true, Min=(X=31090.000 Y=-15060.000 Z=0.000), Max=(X=31090.000 Y=-15060.000 Z=0.000) RuntimeBounds:IsValid=true, Min=(X=31090.000 Y=-15060.000 Z=0.000), Max=(X=31090.000 Y=-15060.000 Z=0.000) RuntimeGrid:None EditorOnly:false RuntimeOnly:false HLODRelevant:false ListedInSceneOutliner:true IsMainWorldOnly:false FolderPath:Solar System FolderGuid:44164D7B424BB0C7A4ED21BBE5FA23E8
 |   |   |- [+] [  3]
 |   |   |   |- Guid:40531EAD4AE026174B85A28595AE6BBC NativeClass:/Script/SolarSystemProject.Planet Name:Planet_UAID_40B07608AE967D8C02_1805339336 Label:Planet3 SpatiallyLoaded:false EditorBounds:IsValid=true, Min=(X=-215550.000 Y=0.000 Z=0.000), Max=(X=-215550.000 Y=0.000 Z=0.000) RuntimeBounds:IsValid=true, Min=(X=-215550.000 Y=0.000 Z=0.000), Max=(X=-215550.000 Y=0.000 Z=0.000) RuntimeGrid:None EditorOnly:false RuntimeOnly:false HLODRelevant:false ListedInSceneOutliner:true IsMainWorldOnly:false FolderPath:Solar System FolderGuid:44164D7B424BB0C7A4ED21BBE5FA23E8
 |   |   |- [+] [  4]
 |   |   |   |- Guid:503634D8422BAE43E78F239ACCE26FF1 NativeClass:/Script/SolarSystemProject.OrbitingBody Name:OrbitingBody_UAID_40B07608AE969C8A02_1821316679 Label:Star SpatiallyLoaded:false EditorBounds:IsValid=true, Min=(X=0.000 Y=0.000 Z=0.000), Max=(X=0.000 Y=0.000 Z=0.000) RuntimeBounds:IsValid=true, Min=(X=0.000 Y=0.000 Z=0.000), Max=(X=0.000 Y=0.000 Z=0.000) RuntimeGrid:None EditorOnly:false RuntimeOnly:false HLODRelevant:false ListedInSceneOutliner:true IsMainWorldOnly:false FolderPath:Solar System FolderGuid:44164D7B424BB0C7A4ED21BBE5FA23E8
 |   |   |- [+] [  5]
 |   |   |   |- Guid:50C601B4432648A99D8E7FA5096ADCE2 NativeClass:/Script/SolarSystemProject.Moon Name:Moon_UAID_40B07608AE96438402_1713582679 Label:Moon SpatiallyLoaded:false EditorBounds:IsValid=true, Min=(X=-97750.000 Y=0.000 Z=2330.000), Max=(X=-97750.000 Y=0.000 Z=2330.000) RuntimeBounds:IsValid=true, Min=(X=-97750.000 Y=0.000 Z=2330.000), Max=(X=-97750.000 Y=0.000 Z=2330.000) RuntimeGrid:None EditorOnly:false RuntimeOnly:false HLODRelevant:false ListedInSceneOutliner:true IsMainWorldOnly:false FolderPath:Solar System FolderGuid:44164D7B424BB0C7A4ED21BBE5FA23E8
 |   |   |- [+] [  6]
 |   |   |   |- Guid:5155FAE9418A7FBD2314988EFFCBAB84 NativeClass:/Script/SolarSystemProject.Planet Name:Planet_UAID_40B07608AE96B18C02_1643578487 Label:Planet4 SpatiallyLoaded:false EditorBounds:IsValid=true, Min=(X=95150.000 Y=0.000 Z=0.000), Max=(X=95150.000 Y=0.000 Z=0.000) RuntimeBounds:IsValid=true, Min=(X=95150.000 Y=0.000 Z=0.000), Max=(X=95150.000 Y=0.000 Z=0.000) RuntimeGrid:None EditorOnly:false RuntimeOnly:false HLODRelevant:false ListedInSceneOutliner:true IsMainWorldOnly:false FolderPath:Solar System FolderGuid:44164D7B424BB0C7A4ED21BBE5FA23E8
 |   |   |- [+] [  7]
 |   |   |   |- Guid:5368FABB47D6D9580DAECA8B0417BF92 NativeClass:/Script/Engine.WorldDataLayers Name:WorldDataLayers Label:WorldDataLayers-1 SpatiallyLoaded:false EditorBounds:IsValid=false, Min=(X=0.000 Y=0.000 Z=0.000), Max=(X=0.000 Y=0.000 Z=0.000) RuntimeBounds:IsValid=false, Min=(X=0.000 Y=0.000 Z=0.000), Max=(X=0.000 Y=0.000 Z=0.000) RuntimeGrid:None EditorOnly:false RuntimeOnly:false HLODRelevant:false ListedInSceneOutliner:true IsMainWorldOnly:true
 |   |   |- [+] [  8]
 |   |   |   |- Guid:54E4F96142D069275D8CCAB273BC9846 NativeClass:/Script/Engine.PointLight Name:PointLight_UAID_40B07608AE96858502_1084759352 Label:SunLight SpatiallyLoaded:false EditorBounds:IsValid=true, Min=(X=-999999995904.000 Y=-999999995904.000 Z=-999999995904.000), Max=(X=999999995904.000 Y=999999995904.000 Z=999999995904.000) RuntimeBounds:IsValid=true, Min=(X=-999999995904.000 Y=-999999995904.000 Z=-999999995904.000), Max=(X=999999995904.000 Y=999999995904.000 Z=999999995904.000) RuntimeGrid:None EditorOnly:false RuntimeOnly:false HLODRelevant:false ListedInSceneOutliner:true IsMainWorldOnly:false
 |   |   |- [+] [  9]
 |   |   |   |- Guid:8AEFB5ED4E75E7C5C9009CA4F260C71B NativeClass:/Script/SolarSystemProject.Planet Name:Planet_UAID_40B07608AE967C8C02_1223085159 Label:Planet2 SpatiallyLoaded:false EditorBounds:IsValid=true, Min=(X=-27000.000 Y=0.000 Z=0.000), Max=(X=-27000.000 Y=0.000 Z=0.000) RuntimeBounds:IsValid=true, Min=(X=-27000.000 Y=0.000 Z=0.000), Max=(X=-27000.000 Y=0.000 Z=0.000) RuntimeGrid:None EditorOnly:false RuntimeOnly:false HLODRelevant:false ListedInSceneOutliner:true IsMainWorldOnly:false FolderPath:Solar System FolderGuid:44164D7B424BB0C7A4ED21BBE5FA23E8
 |   |   |- [+] [ 10]
 |   |   |   |- Guid:962D6BE34E7839A2A94E65B8F6CE5D43 NativeClass:/Script/Engine.PlayerStart Name:PlayerStart_UAID_F02F74551BF5599B01_1153002503 Label:PlayerStart SpatiallyLoaded:false EditorBounds:IsValid=true, Min=(X=-10330.000 Y=-128.000 Z=-36.000), Max=(X=-9962.000 Y=128.000 Z=220.000) RuntimeBounds:IsValid=true, Min=(X=-10130.000 Y=-40.000 Z=0.000), Max=(X=-10050.000 Y=40.000 Z=184.000) RuntimeGrid:None EditorOnly:false RuntimeOnly:false HLODRelevant:false ListedInSceneOutliner:true IsMainWorldOnly:false
 |- ContainerInstances:
 |- [+] MainContainer:
 |   |-        ID: 00000000000000000000000000000000
 |   |-  ParentID: 00000000000000000000000000000000
 |   |-    Bounds: IsValid=false, Min=(X=0.000 Y=0.000 Z=0.000), Max=(X=0.000 Y=0.000 Z=0.000)
 |   |- Transform: 0.000000,0.000000,0.000000|0.000000,0.000000,-0.000000|1.000000,1.000000,1.000000
 |   |- Container: /Game/Space
----------------------------------------------------------------------------------------------------------------
Space - Persistent Level
----------------------------------------------------------------------------------------------------------------
[+] Content of Space Persistent Level
 |- Always loaded Actor Count: 11 
 |- Actor Path: /Game/Space.Space:PersistentLevel.Moon_UAID_40B07608AE96438402_1713582679
 |- Actor Package: /Game/__ExternalActors__/Space/E/PD/1HPMUZFKDMYVBUDCX8AZKB
 |- Actor Path: /Game/Space.Space:PersistentLevel.Moon_UAID_40B07608AE96B28C02_1345562664
 |- Actor Package: /Game/__ExternalActors__/Space/9/8R/EZXZCMII0TAXQYX59I3NDQ
 |- Actor Path: /Game/Space.Space:PersistentLevel.OrbitingBody_UAID_40B07608AE969C8A02_1821316679
 |- Actor Package: /Game/__ExternalActors__/Space/C/VW/KYN5MHX4KAVP8NQIGPAY8L
 |- Actor Path: /Game/Space.Space:PersistentLevel.Planet_UAID_40B07608AE960D8802_1355050399
 |- Actor Package: /Game/__ExternalActors__/Space/A/97/XM27WXXAUR3A4SQA8BYRQ0
 |- Actor Path: /Game/Space.Space:PersistentLevel.Planet_UAID_40B07608AE967C8C02_1223085159
 |- Actor Package: /Game/__ExternalActors__/Space/D/SC/O43QE8J9V9OE0I330YZEXR
 |- Actor Path: /Game/Space.Space:PersistentLevel.Planet_UAID_40B07608AE967D8C02_1805339336
 |- Actor Package: /Game/__ExternalActors__/Space/1/JX/65UTYK2UHRZXOIE11YNYSF
 |- Actor Path: /Game/Space.Space:PersistentLevel.Planet_UAID_40B07608AE96B18C02_1643578487
 |- Actor Package: /Game/__ExternalActors__/Space/C/FE/0KAIH4H1D070QOJUM7CZ2C
 |- Actor Path: /Game/Space.Space:PersistentLevel.PlayerStart_UAID_F02F74551BF5599B01_1153002503
 |- Actor Package: /Game/__ExternalActors__/Space/A/IY/EIWZUC3FZ9MXE04JAJ151R
 |- Actor Path: /Game/Space.Space:PersistentLevel.PointLight_UAID_40B07608AE96858502_1084759352
 |- Actor Package: /Game/__ExternalActors__/Space/C/GT/GTS5KF788BWERINQA12PMG
 |- Actor Path: /Game/Space.Space:PersistentLevel.StaticMeshActor_UAID_A4AE111137DC54FB00_1240666663
 |- Actor Package: /Game/__ExternalActors__/Space/F/4G/L10O59GNF4241ZS406UBNP
 |- Actor Path: /Game/Space.Space:PersistentLevel.WorldDataLayers
 |- Actor Package: /Game/__ExternalActors__/Space/0/ML/2PUK8A3LKT88NHCYGP9T15

----------------------------------------------------------------------------------------------------------------
Space - Runtime Hash Set
----------------------------------------------------------------------------------------------------------------

